GVEYA ZAZBG PFWOZ UILHD RFIPW NHUDB WVKJB ONY
LKGNH QODDJ ZVFEB DWFCF NMSSN EDAUN FUCIV GI
QMAWL LOAKJ RCJJX XBYVS NYEME IOUUH HGJGK
IOBEG VHRLH WHVAJ BIHJF PTGBR XMLBM QHOXW CRCUH Z
